// Vitest Snapshot v1, https://vitest.dev/guide/snapshot.html

exports[`stable public contracts > Ask AI context routes, block IDs and representative prompt remain stable > context entries 1`] = `
[
  {
    "routeKey": "index",
    "sourcePath": "content/home/vitepress.md",
  },
  {
    "routeKey": "intro",
    "sourcePath": "content/intro/vitepress.md",
  },
  {
    "routeKey": "conclusion",
    "sourcePath": "content/conclusion/vitepress.md",
  },
  {
    "routeKey": "lectures/01",
    "sourcePath": "content/lectures/Lec1/vitepress.md",
  },
  {
    "routeKey": "lectures/10",
    "sourcePath": "content/lectures/Lec10/vitepress.md",
  },
  {
    "routeKey": "lectures/11",
    "sourcePath": "content/lectures/Lec11/vitepress.md",
  },
  {
    "routeKey": "lectures/12",
    "sourcePath": "content/lectures/Lec12/vitepress.md",
  },
  {
    "routeKey": "lectures/13",
    "sourcePath": "content/lectures/Lec13/vitepress.md",
  },
  {
    "routeKey": "lectures/14",
    "sourcePath": "content/lectures/Lec14/vitepress.md",
  },
  {
    "routeKey": "lectures/02",
    "sourcePath": "content/lectures/Lec2/vitepress.md",
  },
  {
    "routeKey": "lectures/03",
    "sourcePath": "content/lectures/Lec3/vitepress.md",
  },
  {
    "routeKey": "lectures/04",
    "sourcePath": "content/lectures/Lec4/vitepress.md",
  },
  {
    "routeKey": "lectures/05",
    "sourcePath": "content/lectures/Lec5/vitepress.md",
  },
  {
    "routeKey": "lectures/06",
    "sourcePath": "content/lectures/Lec6/vitepress.md",
  },
  {
    "routeKey": "lectures/07",
    "sourcePath": "content/lectures/Lec7/vitepress.md",
  },
  {
    "routeKey": "lectures/08",
    "sourcePath": "content/lectures/Lec8/vitepress.md",
  },
  {
    "routeKey": "lectures/09",
    "sourcePath": "content/lectures/Lec9/vitepress.md",
  },
  {
    "routeKey": "extras/index",
    "sourcePath": "content/extras/index/vitepress.md",
  },
  {
    "routeKey": "extras/01",
    "sourcePath": "content/extras/01/vitepress.md",
  },
  {
    "routeKey": "extras/02",
    "sourcePath": "content/extras/02/vitepress.md",
  },
]
`;

exports[`stable public contracts > Ask AI context routes, block IDs and representative prompt remain stable > lecture 10 block IDs 1`] = `
[
  {
    "id": "kpo-ai-1-heading-ci6scn",
    "kind": "heading",
    "language": null,
    "lineEnd": 1,
    "lineStart": 1,
  },
  {
    "id": "kpo-ai-3-paragraph-srzqj5",
    "kind": "paragraph",
    "language": null,
    "lineEnd": 6,
    "lineStart": 3,
  },
  {
    "id": "kpo-ai-8-paragraph-123z239",
    "kind": "paragraph",
    "language": null,
    "lineEnd": 9,
    "lineStart": 8,
  },
  {
    "id": "kpo-ai-11-paragraph-3rl1d1",
    "kind": "paragraph",
    "language": null,
    "lineEnd": 14,
    "lineStart": 11,
  },
  {
    "id": "kpo-ai-16-paragraph-zc0yun",
    "kind": "paragraph",
    "language": null,
    "lineEnd": 18,
    "lineStart": 16,
  },
  {
    "id": "kpo-ai-20-heading-97e3nl",
    "kind": "heading",
    "language": null,
    "lineEnd": 20,
    "lineStart": 20,
  },
  {
    "id": "kpo-ai-22-paragraph-f5yzs0",
    "kind": "paragraph",
    "language": null,
    "lineEnd": 24,
    "lineStart": 22,
  },
  {
    "id": "kpo-ai-26-mermaid-oijmm4",
    "kind": "mermaid",
    "language": "mermaid",
    "lineEnd": 37,
    "lineStart": 26,
  },
  {
    "id": "kpo-ai-39-paragraph-tyiab1",
    "kind": "paragraph",
    "language": null,
    "lineEnd": 40,
    "lineStart": 39,
  },
  {
    "id": "kpo-ai-42-heading-mb29wp",
    "kind": "heading",
    "language": null,
    "lineEnd": 42,
    "lineStart": 42,
  },
  {
    "id": "kpo-ai-44-heading-1dwt1of",
    "kind": "heading",
    "language": null,
    "lineEnd": 44,
    "lineStart": 44,
  },
  {
    "id": "kpo-ai-46-paragraph-zuh72n",
    "kind": "paragraph",
    "language": null,
    "lineEnd": 47,
    "lineStart": 46,
  },
  {
    "id": "kpo-ai-49-heading-vcdscv",
    "kind": "heading",
    "language": null,
    "lineEnd": 49,
    "lineStart": 49,
  },
  {
    "id": "kpo-ai-51-paragraph-154087o",
    "kind": "paragraph",
    "language": null,
    "lineEnd": 52,
    "lineStart": 51,
  },
  {
    "id": "kpo-ai-54-heading-lel91p",
    "kind": "heading",
    "language": null,
    "lineEnd": 54,
    "lineStart": 54,
  },
  {
    "id": "kpo-ai-56-paragraph-1oxq9zm",
    "kind": "paragraph",
    "language": null,
    "lineEnd": 57,
    "lineStart": 56,
  },
  {
    "id": "kpo-ai-59-heading-mt8793",
    "kind": "heading",
    "language": null,
    "lineEnd": 59,
    "lineStart": 59,
  },
  {
    "id": "kpo-ai-61-paragraph-lqdoqw",
    "kind": "paragraph",
    "language": null,
    "lineEnd": 62,
    "lineStart": 61,
  },
  {
    "id": "kpo-ai-64-heading-f5mb0h",
    "kind": "heading",
    "language": null,
    "lineEnd": 64,
    "lineStart": 64,
  },
  {
    "id": "kpo-ai-66-paragraph-a22ubh",
    "kind": "paragraph",
    "language": null,
    "lineEnd": 67,
    "lineStart": 66,
  },
  {
    "id": "kpo-ai-69-heading-1xct7rp",
    "kind": "heading",
    "language": null,
    "lineEnd": 69,
    "lineStart": 69,
  },
  {
    "id": "kpo-ai-71-paragraph-tohsb4",
    "kind": "paragraph",
    "language": null,
    "lineEnd": 71,
    "lineStart": 71,
  },
  {
    "id": "kpo-ai-73-list-178kiiq",
    "kind": "list",
    "language": null,
    "lineEnd": 81,
    "lineStart": 73,
  },
  {
    "id": "kpo-ai-82-heading-cmm5y5",
    "kind": "heading",
    "language": null,
    "lineEnd": 82,
    "lineStart": 82,
  },
  {
    "id": "kpo-ai-84-paragraph-1a81cwz",
    "kind": "paragraph",
    "language": null,
    "lineEnd": 86,
    "lineStart": 84,
  },
  {
    "id": "kpo-ai-88-table-1x52jiw",
    "kind": "table",
    "language": null,
    "lineEnd": 93,
    "lineStart": 88,
  },
  {
    "id": "kpo-ai-95-mermaid-5aiscr",
    "kind": "mermaid",
    "language": "mermaid",
    "lineEnd": 106,
    "lineStart": 95,
  },
  {
    "id": "kpo-ai-108-paragraph-1tqocty",
    "kind": "paragraph",
    "language": null,
    "lineEnd": 108,
    "lineStart": 108,
  },
  {
    "id": "kpo-ai-110-list-1cexwk3",
    "kind": "list",
    "language": null,
    "lineEnd": 114,
    "lineStart": 110,
  },
  {
    "id": "kpo-ai-115-heading-1oycoca",
    "kind": "heading",
    "language": null,
    "lineEnd": 115,
    "lineStart": 115,
  },
  {
    "id": "kpo-ai-117-paragraph-9jntxd",
    "kind": "paragraph",
    "language": null,
    "lineEnd": 119,
    "lineStart": 117,
  },
  {
    "id": "kpo-ai-121-mermaid-1p7zij3",
    "kind": "mermaid",
    "language": "mermaid",
    "lineEnd": 130,
    "lineStart": 121,
  },
  {
    "id": "kpo-ai-132-paragraph-1kn1r3v",
    "kind": "paragraph",
    "language": null,
    "lineEnd": 132,
    "lineStart": 132,
  },
  {
    "id": "kpo-ai-134-list-1dwo55q",
    "kind": "list",
    "language": null,
    "lineEnd": 138,
    "lineStart": 134,
  },
  {
    "id": "kpo-ai-139-paragraph-1q8q9zt",
    "kind": "paragraph",
    "language": null,
    "lineEnd": 139,
    "lineStart": 139,
  },
  {
    "id": "kpo-ai-141-list-10hzfnr",
    "kind": "list",
    "language": null,
    "lineEnd": 145,
    "lineStart": 141,
  },
  {
    "id": "kpo-ai-146-paragraph-1lrs03z",
    "kind": "paragraph",
    "language": null,
    "lineEnd": 146,
    "lineStart": 146,
  },
  {
    "id": "kpo-ai-148-list-1wlu1ul",
    "kind": "list",
    "language": null,
    "lineEnd": 152,
    "lineStart": 148,
  },
  {
    "id": "kpo-ai-153-paragraph-11n2n09",
    "kind": "paragraph",
    "language": null,
    "lineEnd": 156,
    "lineStart": 153,
  },
  {
    "id": "kpo-ai-158-heading-n4sfhm",
    "kind": "heading",
    "language": null,
    "lineEnd": 158,
    "lineStart": 158,
  },
  {
    "id": "kpo-ai-160-paragraph-m41n4y",
    "kind": "paragraph",
    "language": null,
    "lineEnd": 162,
    "lineStart": 160,
  },
  {
    "id": "kpo-ai-164-mermaid-khht2b",
    "kind": "mermaid",
    "language": "mermaid",
    "lineEnd": 176,
    "lineStart": 164,
  },
  {
    "id": "kpo-ai-178-paragraph-1ly986f",
    "kind": "paragraph",
    "language": null,
    "lineEnd": 178,
    "lineStart": 178,
  },
  {
    "id": "kpo-ai-180-list-npk2rw",
    "kind": "list",
    "language": null,
    "lineEnd": 185,
    "lineStart": 180,
  },
  {
    "id": "kpo-ai-186-paragraph-q0zbut",
    "kind": "paragraph",
    "language": null,
    "lineEnd": 188,
    "lineStart": 186,
  },
  {
    "id": "kpo-ai-190-heading-1vdpzin",
    "kind": "heading",
    "language": null,
    "lineEnd": 190,
    "lineStart": 190,
  },
  {
    "id": "kpo-ai-192-paragraph-pyiq4c",
    "kind": "paragraph",
    "language": null,
    "lineEnd": 193,
    "lineStart": 192,
  },
  {
    "id": "kpo-ai-195-mermaid-1dwg1rm",
    "kind": "mermaid",
    "language": "mermaid",
    "lineEnd": 203,
    "lineStart": 195,
  },
  {
    "id": "kpo-ai-205-paragraph-prze9v",
    "kind": "paragraph",
    "language": null,
    "lineEnd": 205,
    "lineStart": 205,
  },
  {
    "id": "kpo-ai-207-list-4t6esb",
    "kind": "list",
    "language": null,
    "lineEnd": 213,
    "lineStart": 207,
  },
  {
    "id": "kpo-ai-214-paragraph-34zm78",
    "kind": "paragraph",
    "language": null,
    "lineEnd": 215,
    "lineStart": 214,
  },
  {
    "id": "kpo-ai-217-heading-1cbm9x6",
    "kind": "heading",
    "language": null,
    "lineEnd": 217,
    "lineStart": 217,
  },
  {
    "id": "kpo-ai-219-paragraph-ypfkwg",
    "kind": "paragraph",
    "language": null,
    "lineEnd": 219,
    "lineStart": 219,
  },
  {
    "id": "kpo-ai-221-table-zwn10m",
    "kind": "table",
    "language": null,
    "lineEnd": 227,
    "lineStart": 221,
  },
  {
    "id": "kpo-ai-229-paragraph-xdriox",
    "kind": "paragraph",
    "language": null,
    "lineEnd": 230,
    "lineStart": 229,
  },
  {
    "id": "kpo-ai-232-heading-znjtgl",
    "kind": "heading",
    "language": null,
    "lineEnd": 232,
    "lineStart": 232,
  },
  {
    "id": "kpo-ai-234-table-a0017w",
    "kind": "table",
    "language": null,
    "lineEnd": 242,
    "lineStart": 234,
  },
  {
    "id": "kpo-ai-244-paragraph-5h25rw",
    "kind": "paragraph",
    "language": null,
    "lineEnd": 244,
    "lineStart": 244,
  },
  {
    "id": "kpo-ai-246-list-4rd8te",
    "kind": "list",
    "language": null,
    "lineEnd": 251,
    "lineStart": 246,
  },
  {
    "id": "kpo-ai-252-heading-4x1i9j",
    "kind": "heading",
    "language": null,
    "lineEnd": 252,
    "lineStart": 252,
  },
  {
    "id": "kpo-ai-254-paragraph-o82qiu",
    "kind": "paragraph",
    "language": null,
    "lineEnd": 257,
    "lineStart": 254,
  },
  {
    "id": "kpo-ai-259-paragraph-1cr8sfu",
    "kind": "paragraph",
    "language": null,
    "lineEnd": 259,
    "lineStart": 259,
  },
  {
    "id": "kpo-ai-261-list-8dgskn",
    "kind": "list",
    "language": null,
    "lineEnd": 265,
    "lineStart": 261,
  },
  {
    "id": "kpo-ai-266-code-17h5os",
    "kind": "code",
    "language": "http",
    "lineEnd": 273,
    "lineStart": 266,
  },
  {
    "id": "kpo-ai-275-paragraph-1m7h7dw",
    "kind": "paragraph",
    "language": null,
    "lineEnd": 275,
    "lineStart": 275,
  },
  {
    "id": "kpo-ai-277-list-2yfdzn",
    "kind": "list",
    "language": null,
    "lineEnd": 281,
    "lineStart": 277,
  },
  {
    "id": "kpo-ai-282-code-14lemo2",
    "kind": "code",
    "language": "http",
    "lineEnd": 288,
    "lineStart": 282,
  },
  {
    "id": "kpo-ai-290-paragraph-8wlclj",
    "kind": "paragraph",
    "language": null,
    "lineEnd": 292,
    "lineStart": 290,
  },
  {
    "id": "kpo-ai-294-heading-1jwp1bu",
    "kind": "heading",
    "language": null,
    "lineEnd": 294,
    "lineStart": 294,
  },
  {
    "id": "kpo-ai-296-paragraph-1lanyec",
    "kind": "paragraph",
    "language": null,
    "lineEnd": 297,
    "lineStart": 296,
  },
  {
    "id": "kpo-ai-299-table-xmwmqm",
    "kind": "table",
    "language": null,
    "lineEnd": 305,
    "lineStart": 299,
  },
  {
    "id": "kpo-ai-307-paragraph-1w2qvdy",
    "kind": "paragraph",
    "language": null,
    "lineEnd": 308,
    "lineStart": 307,
  },
  {
    "id": "kpo-ai-310-paragraph-1mkcdke",
    "kind": "paragraph",
    "language": null,
    "lineEnd": 312,
    "lineStart": 310,
  },
  {
    "id": "kpo-ai-314-paragraph-x80ig8",
    "kind": "paragraph",
    "language": null,
    "lineEnd": 317,
    "lineStart": 314,
  },
  {
    "id": "kpo-ai-319-heading-1tyj8x4",
    "kind": "heading",
    "language": null,
    "lineEnd": 319,
    "lineStart": 319,
  },
  {
    "id": "kpo-ai-321-paragraph-e9qj1n",
    "kind": "paragraph",
    "language": null,
    "lineEnd": 323,
    "lineStart": 321,
  },
  {
    "id": "kpo-ai-325-paragraph-cks297",
    "kind": "paragraph",
    "language": null,
    "lineEnd": 326,
    "lineStart": 325,
  },
  {
    "id": "kpo-ai-328-table-4oqok0",
    "kind": "table",
    "language": null,
    "lineEnd": 334,
    "lineStart": 328,
  },
  {
    "id": "kpo-ai-336-paragraph-goio93",
    "kind": "paragraph",
    "language": null,
    "lineEnd": 336,
    "lineStart": 336,
  },
  {
    "id": "kpo-ai-338-table-1v094rx",
    "kind": "table",
    "language": null,
    "lineEnd": 351,
    "lineStart": 338,
  },
  {
    "id": "kpo-ai-353-paragraph-1t9ync5",
    "kind": "paragraph",
    "language": null,
    "lineEnd": 353,
    "lineStart": 353,
  },
  {
    "id": "kpo-ai-355-heading-js3eqo",
    "kind": "heading",
    "language": null,
    "lineEnd": 355,
    "lineStart": 355,
  },
  {
    "id": "kpo-ai-357-paragraph-1d6es3u",
    "kind": "paragraph",
    "language": null,
    "lineEnd": 357,
    "lineStart": 357,
  },
  {
    "id": "kpo-ai-359-mermaid-1m0l5dt",
    "kind": "mermaid",
    "language": "mermaid",
    "lineEnd": 366,
    "lineStart": 359,
  },
  {
    "id": "kpo-ai-368-mermaid-1hlps9",
    "kind": "mermaid",
    "language": "mermaid",
    "lineEnd": 377,
    "lineStart": 368,
  },
  {
    "id": "kpo-ai-379-paragraph-1r8fr4l",
    "kind": "paragraph",
    "language": null,
    "lineEnd": 380,
    "lineStart": 379,
  },
  {
    "id": "kpo-ai-382-paragraph-1g64qsq",
    "kind": "paragraph",
    "language": null,
    "lineEnd": 382,
    "lineStart": 382,
  },
  {
    "id": "kpo-ai-384-list-liebam",
    "kind": "list",
    "language": null,
    "lineEnd": 389,
    "lineStart": 384,
  },
  {
    "id": "kpo-ai-390-mermaid-3zo31k",
    "kind": "mermaid",
    "language": "mermaid",
    "lineEnd": 409,
    "lineStart": 390,
  },
  {
    "id": "kpo-ai-411-table-a9kl7p",
    "kind": "table",
    "language": null,
    "lineEnd": 416,
    "lineStart": 411,
  },
  {
    "id": "kpo-ai-418-paragraph-14lfwwh",
    "kind": "paragraph",
    "language": null,
    "lineEnd": 418,
    "lineStart": 418,
  },
  {
    "id": "kpo-ai-420-code-1edop63",
    "kind": "code",
    "language": "http",
    "lineEnd": 426,
    "lineStart": 420,
  },
  {
    "id": "kpo-ai-428-paragraph-2s50h8",
    "kind": "paragraph",
    "language": null,
    "lineEnd": 431,
    "lineStart": 428,
  },
  {
    "id": "kpo-ai-433-paragraph-1gfqo6c",
    "kind": "paragraph",
    "language": null,
    "lineEnd": 435,
    "lineStart": 433,
  },
  {
    "id": "kpo-ai-437-heading-1prr0x9",
    "kind": "heading",
    "language": null,
    "lineEnd": 437,
    "lineStart": 437,
  },
  {
    "id": "kpo-ai-439-paragraph-44uoy3",
    "kind": "paragraph",
    "language": null,
    "lineEnd": 441,
    "lineStart": 439,
  },
  {
    "id": "kpo-ai-443-mermaid-1cqi7oj",
    "kind": "mermaid",
    "language": "mermaid",
    "lineEnd": 448,
    "lineStart": 443,
  },
  {
    "id": "kpo-ai-450-paragraph-84yisk",
    "kind": "paragraph",
    "language": null,
    "lineEnd": 450,
    "lineStart": 450,
  },
  {
    "id": "kpo-ai-452-list-1hfk5cp",
    "kind": "list",
    "language": null,
    "lineEnd": 461,
    "lineStart": 452,
  },
  {
    "id": "kpo-ai-462-paragraph-ee72p4",
    "kind": "paragraph",
    "language": null,
    "lineEnd": 462,
    "lineStart": 462,
  },
  {
    "id": "kpo-ai-464-table-eizli9",
    "kind": "table",
    "language": null,
    "lineEnd": 471,
    "lineStart": 464,
  },
  {
    "id": "kpo-ai-473-paragraph-s4jxp0",
    "kind": "paragraph",
    "language": null,
    "lineEnd": 473,
    "lineStart": 473,
  },
  {
    "id": "kpo-ai-475-table-cif3rq",
    "kind": "table",
    "language": null,
    "lineEnd": 479,
    "lineStart": 475,
  },
  {
    "id": "kpo-ai-481-paragraph-11uoui0",
    "kind": "paragraph",
    "language": null,
    "lineEnd": 482,
    "lineStart": 481,
  },
  {
    "id": "kpo-ai-484-paragraph-154fnm",
    "kind": "paragraph",
    "language": null,
    "lineEnd": 484,
    "lineStart": 484,
  },
  {
    "id": "kpo-ai-486-multi-code-10bb9h3",
    "kind": "multi-code",
    "language": null,
    "lineEnd": 540,
    "lineStart": 486,
  },
  {
    "id": "kpo-ai-543-heading-t6ftrv",
    "kind": "heading",
    "language": null,
    "lineEnd": 543,
    "lineStart": 543,
  },
  {
    "id": "kpo-ai-545-paragraph-19cryck",
    "kind": "paragraph",
    "language": null,
    "lineEnd": 547,
    "lineStart": 545,
  },
  {
    "id": "kpo-ai-549-mermaid-37p8b",
    "kind": "mermaid",
    "language": "mermaid",
    "lineEnd": 557,
    "lineStart": 549,
  },
  {
    "id": "kpo-ai-559-paragraph-jnju7p",
    "kind": "paragraph",
    "language": null,
    "lineEnd": 561,
    "lineStart": 559,
  },
  {
    "id": "kpo-ai-563-paragraph-amqoji",
    "kind": "paragraph",
    "language": null,
    "lineEnd": 563,
    "lineStart": 563,
  },
  {
    "id": "kpo-ai-565-code-1wcfygp",
    "kind": "code",
    "language": "http",
    "lineEnd": 569,
    "lineStart": 565,
  },
  {
    "id": "kpo-ai-571-paragraph-1r0li44",
    "kind": "paragraph",
    "language": null,
    "lineEnd": 572,
    "lineStart": 571,
  },
  {
    "id": "kpo-ai-574-paragraph-d25am5",
    "kind": "paragraph",
    "language": null,
    "lineEnd": 574,
    "lineStart": 574,
  },
  {
    "id": "kpo-ai-576-code-hac9j6",
    "kind": "code",
    "language": "http",
    "lineEnd": 582,
    "lineStart": 576,
  },
  {
    "id": "kpo-ai-584-heading-7uh5p6",
    "kind": "heading",
    "language": null,
    "lineEnd": 584,
    "lineStart": 584,
  },
  {
    "id": "kpo-ai-586-paragraph-1ced3ku",
    "kind": "paragraph",
    "language": null,
    "lineEnd": 587,
    "lineStart": 586,
  },
  {
    "id": "kpo-ai-589-paragraph-l6ew9u",
    "kind": "paragraph",
    "language": null,
    "lineEnd": 589,
    "lineStart": 589,
  },
  {
    "id": "kpo-ai-591-code-ycc1h3",
    "kind": "code",
    "language": "http",
    "lineEnd": 596,
    "lineStart": 591,
  },
  {
    "id": "kpo-ai-598-paragraph-1ybk2if",
    "kind": "paragraph",
    "language": null,
    "lineEnd": 598,
    "lineStart": 598,
  },
  {
    "id": "kpo-ai-600-paragraph-1i1k9vs",
    "kind": "paragraph",
    "language": null,
    "lineEnd": 602,
    "lineStart": 600,
  },
  {
    "id": "kpo-ai-604-code-r2b7yy",
    "kind": "code",
    "language": "http",
    "lineEnd": 610,
    "lineStart": 604,
  },
  {
    "id": "kpo-ai-612-paragraph-1qvb8qs",
    "kind": "paragraph",
    "language": null,
    "lineEnd": 615,
    "lineStart": 612,
  },
  {
    "id": "kpo-ai-617-paragraph-1i2pb94",
    "kind": "paragraph",
    "language": null,
    "lineEnd": 617,
    "lineStart": 617,
  },
  {
    "id": "kpo-ai-619-multi-code-xqy4wu",
    "kind": "multi-code",
    "language": null,
    "lineEnd": 657,
    "lineStart": 619,
  },
  {
    "id": "kpo-ai-660-heading-1cat38r",
    "kind": "heading",
    "language": null,
    "lineEnd": 660,
    "lineStart": 660,
  },
  {
    "id": "kpo-ai-662-paragraph-pilay0",
    "kind": "paragraph",
    "language": null,
    "lineEnd": 663,
    "lineStart": 662,
  },
  {
    "id": "kpo-ai-665-code-169rzeq",
    "kind": "code",
    "language": "http",
    "lineEnd": 672,
    "lineStart": 665,
  },
  {
    "id": "kpo-ai-674-paragraph-1uy9qvf",
    "kind": "paragraph",
    "language": null,
    "lineEnd": 675,
    "lineStart": 674,
  },
  {
    "id": "kpo-ai-677-code-qlmprm",
    "kind": "code",
    "language": "http",
    "lineEnd": 679,
    "lineStart": 677,
  },
  {
    "id": "kpo-ai-681-paragraph-x3ff0g",
    "kind": "paragraph",
    "language": null,
    "lineEnd": 681,
    "lineStart": 681,
  },
  {
    "id": "kpo-ai-683-heading-8aoqhg",
    "kind": "heading",
    "language": null,
    "lineEnd": 683,
    "lineStart": 683,
  },
  {
    "id": "kpo-ai-685-paragraph-vn4roc",
    "kind": "paragraph",
    "language": null,
    "lineEnd": 686,
    "lineStart": 685,
  },
  {
    "id": "kpo-ai-688-paragraph-dxut1w",
    "kind": "paragraph",
    "language": null,
    "lineEnd": 688,
    "lineStart": 688,
  },
  {
    "id": "kpo-ai-690-table-126xnib",
    "kind": "table",
    "language": null,
    "lineEnd": 694,
    "lineStart": 690,
  },
  {
    "id": "kpo-ai-696-paragraph-1jk4s8o",
    "kind": "paragraph",
    "language": null,
    "lineEnd": 696,
    "lineStart": 696,
  },
  {
    "id": "kpo-ai-698-list-1c6yd9u",
    "kind": "list",
    "language": null,
    "lineEnd": 702,
    "lineStart": 698,
  },
  {
    "id": "kpo-ai-703-paragraph-zru5xs",
    "kind": "paragraph",
    "language": null,
    "lineEnd": 703,
    "lineStart": 703,
  },
  {
    "id": "kpo-ai-705-list-1faxr8h",
    "kind": "list",
    "language": null,
    "lineEnd": 708,
    "lineStart": 705,
  },
  {
    "id": "kpo-ai-709-heading-6saah2",
    "kind": "heading",
    "language": null,
    "lineEnd": 709,
    "lineStart": 709,
  },
  {
    "id": "kpo-ai-711-paragraph-yqx5qq",
    "kind": "paragraph",
    "language": null,
    "lineEnd": 712,
    "lineStart": 711,
  },
  {
    "id": "kpo-ai-714-multi-code-1rza738",
    "kind": "multi-code",
    "language": null,
    "lineEnd": 847,
    "lineStart": 714,
  },
  {
    "id": "kpo-ai-850-paragraph-1mlht0a",
    "kind": "paragraph",
    "language": null,
    "lineEnd": 853,
    "lineStart": 850,
  },
  {
    "id": "kpo-ai-855-paragraph-rzjf0r",
    "kind": "paragraph",
    "language": null,
    "lineEnd": 858,
    "lineStart": 855,
  },
  {
    "id": "kpo-ai-860-paragraph-1a0hww",
    "kind": "paragraph",
    "language": null,
    "lineEnd": 863,
    "lineStart": 860,
  },
  {
    "id": "kpo-ai-865-paragraph-17t1nyr",
    "kind": "paragraph",
    "language": null,
    "lineEnd": 868,
    "lineStart": 865,
  },
  {
    "id": "kpo-ai-870-paragraph-1qji1za",
    "kind": "paragraph",
    "language": null,
    "lineEnd": 873,
    "lineStart": 870,
  },
  {
    "id": "kpo-ai-875-heading-1v6xj7",
    "kind": "heading",
    "language": null,
    "lineEnd": 875,
    "lineStart": 875,
  },
  {
    "id": "kpo-ai-877-paragraph-1qdq34n",
    "kind": "paragraph",
    "language": null,
    "lineEnd": 878,
    "lineStart": 877,
  },
  {
    "id": "kpo-ai-880-multi-code-10nmagr",
    "kind": "multi-code",
    "language": null,
    "lineEnd": 994,
    "lineStart": 880,
  },
  {
    "id": "kpo-ai-997-heading-ew5wfg",
    "kind": "heading",
    "language": null,
    "lineEnd": 997,
    "lineStart": 997,
  },
  {
    "id": "kpo-ai-999-paragraph-juwji2",
    "kind": "paragraph",
    "language": null,
    "lineEnd": 1000,
    "lineStart": 999,
  },
  {
    "id": "kpo-ai-1002-paragraph-1g5qnhp",
    "kind": "paragraph",
    "language": null,
    "lineEnd": 1004,
    "lineStart": 1002,
  },
  {
    "id": "kpo-ai-1006-paragraph-1ps6ytj",
    "kind": "paragraph",
    "language": null,
    "lineEnd": 1006,
    "lineStart": 1006,
  },
  {
    "id": "kpo-ai-1008-code-18mwm6j",
    "kind": "code",
    "language": "yaml",
    "lineEnd": 1042,
    "lineStart": 1008,
  },
  {
    "id": "kpo-ai-1044-heading-1xwbgh4",
    "kind": "heading",
    "language": null,
    "lineEnd": 1044,
    "lineStart": 1044,
  },
  {
    "id": "kpo-ai-1046-paragraph-i28b3w",
    "kind": "paragraph",
    "language": null,
    "lineEnd": 1048,
    "lineStart": 1046,
  },
  {
    "id": "kpo-ai-1050-paragraph-fpp7f4",
    "kind": "paragraph",
    "language": null,
    "lineEnd": 1050,
    "lineStart": 1050,
  },
  {
    "id": "kpo-ai-1052-code-1uvlaou",
    "kind": "code",
    "language": "xml",
    "lineEnd": 1060,
    "lineStart": 1052,
  },
  {
    "id": "kpo-ai-1062-paragraph-qp4n1d",
    "kind": "paragraph",
    "language": null,
    "lineEnd": 1063,
    "lineStart": 1062,
  },
  {
    "id": "kpo-ai-1065-paragraph-hhaxpi",
    "kind": "paragraph",
    "language": null,
    "lineEnd": 1069,
    "lineStart": 1065,
  },
  {
    "id": "kpo-ai-1071-heading-3yyzuc",
    "kind": "heading",
    "language": null,
    "lineEnd": 1071,
    "lineStart": 1071,
  },
  {
    "id": "kpo-ai-1073-paragraph-175dip7",
    "kind": "paragraph",
    "language": null,
    "lineEnd": 1074,
    "lineStart": 1073,
  },
  {
    "id": "kpo-ai-1076-paragraph-1i8envr",
    "kind": "paragraph",
    "language": null,
    "lineEnd": 1077,
    "lineStart": 1076,
  },
  {
    "id": "kpo-ai-1079-code-oho2gh",
    "kind": "code",
    "language": "graphql",
    "lineEnd": 1090,
    "lineStart": 1079,
  },
  {
    "id": "kpo-ai-1092-paragraph-rjft6m",
    "kind": "paragraph",
    "language": null,
    "lineEnd": 1093,
    "lineStart": 1092,
  },
  {
    "id": "kpo-ai-1095-mermaid-16qj6zl",
    "kind": "mermaid",
    "language": "mermaid",
    "lineEnd": 1103,
    "lineStart": 1095,
  },
  {
    "id": "kpo-ai-1105-paragraph-1eqiq12",
    "kind": "paragraph",
    "language": null,
    "lineEnd": 1105,
    "lineStart": 1105,
  },
  {
    "id": "kpo-ai-1107-list-zqyj6d",
    "kind": "list",
    "language": null,
    "lineEnd": 1110,
    "lineStart": 1107,
  },
  {
    "id": "kpo-ai-1111-paragraph-1oppufk",
    "kind": "paragraph",
    "language": null,
    "lineEnd": 1111,
    "lineStart": 1111,
  },
  {
    "id": "kpo-ai-1113-list-1fgflyp",
    "kind": "list",
    "language": null,
    "lineEnd": 1118,
    "lineStart": 1113,
  },
  {
    "id": "kpo-ai-1119-heading-1cxpisw",
    "kind": "heading",
    "language": null,
    "lineEnd": 1119,
    "lineStart": 1119,
  },
  {
    "id": "kpo-ai-1121-paragraph-16pxbvu",
    "kind": "paragraph",
    "language": null,
    "lineEnd": 1122,
    "lineStart": 1121,
  },
  {
    "id": "kpo-ai-1124-mermaid-1i61tpn",
    "kind": "mermaid",
    "language": "mermaid",
    "lineEnd": 1133,
    "lineStart": 1124,
  },
  {
    "id": "kpo-ai-1135-paragraph-pxl0mi",
    "kind": "paragraph",
    "language": null,
    "lineEnd": 1135,
    "lineStart": 1135,
  },
  {
    "id": "kpo-ai-1137-list-13imr7a",
    "kind": "list",
    "language": null,
    "lineEnd": 1143,
    "lineStart": 1137,
  },
  {
    "id": "kpo-ai-1144-paragraph-boce6c",
    "kind": "paragraph",
    "language": null,
    "lineEnd": 1146,
    "lineStart": 1144,
  },
  {
    "id": "kpo-ai-1148-heading-1b0jpkz",
    "kind": "heading",
    "language": null,
    "lineEnd": 1148,
    "lineStart": 1148,
  },
  {
    "id": "kpo-ai-1150-paragraph-1uq0cmh",
    "kind": "paragraph",
    "language": null,
    "lineEnd": 1151,
    "lineStart": 1150,
  },
  {
    "id": "kpo-ai-1153-paragraph-emfb1c",
    "kind": "paragraph",
    "language": null,
    "lineEnd": 1155,
    "lineStart": 1153,
  },
  {
    "id": "kpo-ai-1157-code-4l0kz9",
    "kind": "code",
    "language": "proto",
    "lineEnd": 1172,
    "lineStart": 1157,
  },
  {
    "id": "kpo-ai-1174-mermaid-1v2gffk",
    "kind": "mermaid",
    "language": "mermaid",
    "lineEnd": 1182,
    "lineStart": 1174,
  },
  {
    "id": "kpo-ai-1184-paragraph-lzw3vk",
    "kind": "paragraph",
    "language": null,
    "lineEnd": 1184,
    "lineStart": 1184,
  },
  {
    "id": "kpo-ai-1186-list-1wkfc8c",
    "kind": "list",
    "language": null,
    "lineEnd": 1191,
    "lineStart": 1186,
  },
  {
    "id": "kpo-ai-1192-paragraph-pj1qjj",
    "kind": "paragraph",
    "language": null,
    "lineEnd": 1192,
    "lineStart": 1192,
  },
  {
    "id": "kpo-ai-1194-list-1uo5ohl",
    "kind": "list",
    "language": null,
    "lineEnd": 1197,
    "lineStart": 1194,
  },
  {
    "id": "kpo-ai-1198-paragraph-h0yutg",
    "kind": "paragraph",
    "language": null,
    "lineEnd": 1200,
    "lineStart": 1198,
  },
  {
    "id": "kpo-ai-1202-heading-16o81jc",
    "kind": "heading",
    "language": null,
    "lineEnd": 1202,
    "lineStart": 1202,
  },
  {
    "id": "kpo-ai-1204-table-vdee59",
    "kind": "table",
    "language": null,
    "lineEnd": 1211,
    "lineStart": 1204,
  },
  {
    "id": "kpo-ai-1213-paragraph-1jc45xt",
    "kind": "paragraph",
    "language": null,
    "lineEnd": 1213,
    "lineStart": 1213,
  },
  {
    "id": "kpo-ai-1215-list-uupju7",
    "kind": "list",
    "language": null,
    "lineEnd": 1221,
    "lineStart": 1215,
  },
  {
    "id": "kpo-ai-1222-heading-1ttukuq",
    "kind": "heading",
    "language": null,
    "lineEnd": 1222,
    "lineStart": 1222,
  },
  {
    "id": "kpo-ai-1224-paragraph-eh02ob",
    "kind": "paragraph",
    "language": null,
    "lineEnd": 1224,
    "lineStart": 1224,
  },
  {
    "id": "kpo-ai-1225-list-t42qpb",
    "kind": "list",
    "language": null,
    "lineEnd": 1235,
    "lineStart": 1225,
  },
  {
    "id": "kpo-ai-1236-heading-1dq3w5o",
    "kind": "heading",
    "language": null,
    "lineEnd": 1236,
    "lineStart": 1236,
  },
  {
    "id": "kpo-ai-1238-paragraph-xp58v7",
    "kind": "paragraph",
    "language": null,
    "lineEnd": 1238,
    "lineStart": 1238,
  },
  {
    "id": "kpo-ai-1240-list-7gp80b",
    "kind": "list",
    "language": null,
    "lineEnd": 1250,
    "lineStart": 1240,
  },
  {
    "id": "kpo-ai-1251-heading-ecqd8q",
    "kind": "heading",
    "language": null,
    "lineEnd": 1251,
    "lineStart": 1251,
  },
  {
    "id": "kpo-ai-1253-paragraph-aywhma",
    "kind": "paragraph",
    "language": null,
    "lineEnd": 1255,
    "lineStart": 1253,
  },
  {
    "id": "kpo-ai-1257-paragraph-la5ttd",
    "kind": "paragraph",
    "language": null,
    "lineEnd": 1260,
    "lineStart": 1257,
  },
  {
    "id": "kpo-ai-1262-paragraph-wlii5y",
    "kind": "paragraph",
    "language": null,
    "lineEnd": 1264,
    "lineStart": 1262,
  },
  {
    "id": "kpo-ai-1266-heading-1m6jgsm",
    "kind": "heading",
    "language": null,
    "lineEnd": 1266,
    "lineStart": 1266,
  },
  {
    "id": "kpo-ai-1268-paragraph-w5bxv5",
    "kind": "paragraph",
    "language": null,
    "lineEnd": 1268,
    "lineStart": 1268,
  },
  {
    "id": "kpo-ai-1270-heading-xh52ci",
    "kind": "heading",
    "language": null,
    "lineEnd": 1270,
    "lineStart": 1270,
  },
  {
    "id": "kpo-ai-1272-list-1sncxhr",
    "kind": "list",
    "language": null,
    "lineEnd": 1276,
    "lineStart": 1272,
  },
  {
    "id": "kpo-ai-1277-heading-1nk4jpe",
    "kind": "heading",
    "language": null,
    "lineEnd": 1277,
    "lineStart": 1277,
  },
  {
    "id": "kpo-ai-1279-list-1sggvxc",
    "kind": "list",
    "language": null,
    "lineEnd": 1286,
    "lineStart": 1279,
  },
  {
    "id": "kpo-ai-1287-heading-1m0p9o5",
    "kind": "heading",
    "language": null,
    "lineEnd": 1287,
    "lineStart": 1287,
  },
  {
    "id": "kpo-ai-1289-list-1h5djps",
    "kind": "list",
    "language": null,
    "lineEnd": 1297,
    "lineStart": 1289,
  },
  {
    "id": "kpo-ai-1298-heading-1slm7qk",
    "kind": "heading",
    "language": null,
    "lineEnd": 1298,
    "lineStart": 1298,
  },
  {
    "id": "kpo-ai-1300-paragraph-nrpd6c",
    "kind": "paragraph",
    "language": null,
    "lineEnd": 1300,
    "lineStart": 1300,
  },
  {
    "id": "kpo-ai-1302-paragraph-1we7mhq",
    "kind": "paragraph",
    "language": null,
    "lineEnd": 1302,
    "lineStart": 1302,
  },
  {
    "id": "kpo-ai-1304-list-1g9qrcs",
    "kind": "list",
    "language": null,
    "lineEnd": 1308,
    "lineStart": 1304,
  },
  {
    "id": "kpo-ai-1309-paragraph-1y9j1cw",
    "kind": "paragraph",
    "language": null,
    "lineEnd": 1309,
    "lineStart": 1309,
  },
  {
    "id": "kpo-ai-1311-list-m74uj",
    "kind": "list",
    "language": null,
    "lineEnd": 1316,
    "lineStart": 1311,
  },
  {
    "id": "kpo-ai-1317-paragraph-19p2yrb",
    "kind": "paragraph",
    "language": null,
    "lineEnd": 1318,
    "lineStart": 1317,
  },
  {
    "id": "kpo-ai-1320-paragraph-2k5x9z",
    "kind": "paragraph",
    "language": null,
    "lineEnd": 1321,
    "lineStart": 1320,
  },
]
`;

exports[`stable public contracts > Ask AI context routes, block IDs and representative prompt remain stable > representative Ask AI prompt 1`] = `
"Ты помогаешь студенту понять материал курса по конструированию ПО.

Курс: Конструирование ПО
Описание курса: Конспект лекций по архитектуре приложений и инженерным практикам
Страница: Лекция 10. Семантика клиент-серверного и межсервисного обмена
Описание страницы: Клиент серверное приложение редко состоит из одного процесса. Браузер или мобильное приложение обращается к backend, backend ходит в базу данных, один сервис вызывает другой, а часть операций уходит во внешние системы: платежные шлюзы, почтовые провайдеры, склады, сервисы доставки. В такой системе важно не только "по какому протоколу отправить запрос", но и "какие правила общения нужны бизнес процессу".

Задача: объясни выделенный фрагмент с учетом контекста. Дай практичное объяснение: смысл, связь с темой, типичные ошибки, best practices, короткий пример если он полезен.

[Контекст до]
REST - архитектурный стиль, а не отдельный сетевой протокол. В обычной web-разработке REST API строят поверх HTTP:
ресурсы выражают через URL, действия - через HTTP-методы, состояние результата - через HTTP-статусы, представление
ресурса - через JSON или XML.

[Mermaid source]
\`\`\`mermaid
flowchart LR
    Client["Клиент"] -->|"GET /api/v1/orders/o-1"| Resource["Ресурс order"]
    Resource --> Representation["Представление: JSON"]
    Representation --> Client
\`\`\`

[Текущий блок]
Основные идеи RESTful API:

[Контекст после]
- resource-oriented design: проектируем ресурсы, например \`orders\`, \`users\`, \`reports\`;
- representation: ресурс передается в виде представления, чаще всего JSON;
- stateless: каждый запрос самодостаточен для обработки;
- uniform interface: методы и статусы имеют ожидаемый смысл;
- layered system: клиент не обязан знать, сколько слоев за API;
- cacheability: ответы должны явно позволять или запрещать кеширование;
- idempotency: повтор некоторых запросов должен быть безопасен для итогового состояния;
- versioning: контракт меняется аккуратно, без поломки старых клиентов;
- documentation: API должен быть описан как внешний контракт.

Пример REST-дизайна для ресурса \`orders\`:

| Операция | Endpoint | Метод | Успех |
|----------|----------|-------|-------|
| список заказов | \`/api/v1/orders\` | \`GET\` | \`200\` |
| один заказ | \`/api/v1/orders/{id}\` | \`GET\` | \`200\` / \`404\` |
| создать заказ | \`/api/v1/orders\` | \`POST\` | \`201\` |
| заменить заказ | \`/api/v1/orders/{id}\` | \`PUT\` | \`200\` / \`204\` |
| изменить статус | \`/api/v1/orders/{id}\` | \`PATCH\` | \`200\` |
| удалить заказ | \`/api/v1/orders/{id}\` | \`DELETE\` | \`204\` |

Плохой и хороший вариант одной операции:

[Выделенный фрагмент]
RESTful API"
`;

exports[`stable public contracts > PDF routes come from the catalog 1`] = `
[
  {
    "file": "001-intro",
    "route": "intro",
  },
  {
    "file": "002-lecture-01",
    "route": "lectures/01",
  },
  {
    "file": "003-lecture-02",
    "route": "lectures/02",
  },
  {
    "file": "004-lecture-03",
    "route": "lectures/03",
  },
  {
    "file": "005-lecture-04",
    "route": "lectures/04",
  },
  {
    "file": "006-lecture-05",
    "route": "lectures/05",
  },
  {
    "file": "007-lecture-06",
    "route": "lectures/06",
  },
  {
    "file": "008-lecture-07",
    "route": "lectures/07",
  },
  {
    "file": "009-lecture-08",
    "route": "lectures/08",
  },
  {
    "file": "010-lecture-09",
    "route": "lectures/09",
  },
  {
    "file": "011-lecture-10",
    "route": "lectures/10",
  },
  {
    "file": "012-lecture-11",
    "route": "lectures/11",
  },
  {
    "file": "013-lecture-12",
    "route": "lectures/12",
  },
  {
    "file": "014-lecture-13",
    "route": "lectures/13",
  },
  {
    "file": "015-lecture-14",
    "route": "lectures/14",
  },
  {
    "file": "016-extras",
    "route": "extras/",
  },
  {
    "file": "017-playground",
    "route": "extras/01",
  },
  {
    "file": "018-extra-02",
    "route": "extras/02",
  },
  {
    "file": "019-conclusion",
    "route": "conclusion",
  },
]
`;

exports[`stable public contracts > content catalog channels and metadata remain explicit 1`] = `
[
  {
    "inclusion": {
      "askAi": true,
      "nav": false,
      "pdf": false,
      "search": true,
      "sidebar": false,
      "sitemap": true,
      "uiSweep": true,
    },
    "kind": "home",
    "order": 0,
    "route": "/",
    "sourcePath": "content/home/vitepress.md",
    "title": "Конструирование ПО",
  },
  {
    "inclusion": {
      "askAi": true,
      "nav": true,
      "pdf": true,
      "search": true,
      "sidebar": true,
      "sitemap": true,
      "uiSweep": true,
    },
    "kind": "intro",
    "order": 1,
    "route": "/intro",
    "sourcePath": "content/intro/vitepress.md",
    "title": "Введение",
  },
  {
    "inclusion": {
      "askAi": true,
      "nav": true,
      "pdf": true,
      "search": true,
      "sidebar": true,
      "sitemap": true,
      "uiSweep": true,
    },
    "kind": "lecture",
    "order": 1,
    "route": "/lectures/01",
    "sourcePath": "content/lectures/Lec1/vitepress.md",
    "title": "Лекция 1. Введение в КПО",
  },
  {
    "inclusion": {
      "askAi": true,
      "nav": true,
      "pdf": true,
      "search": true,
      "sidebar": true,
      "sitemap": true,
      "uiSweep": true,
    },
    "kind": "lecture",
    "order": 2,
    "route": "/lectures/02",
    "sourcePath": "content/lectures/Lec2/vitepress.md",
    "title": "Лекция 2. Внедрение зависимостей",
  },
  {
    "inclusion": {
      "askAi": true,
      "nav": true,
      "pdf": true,
      "search": true,
      "sidebar": true,
      "sitemap": true,
      "uiSweep": true,
    },
    "kind": "lecture",
    "order": 3,
    "route": "/lectures/03",
    "sourcePath": "content/lectures/Lec3/vitepress.md",
    "title": "Лекция 3. Принципы эффективного юнит-тестирования",
  },
  {
    "inclusion": {
      "askAi": true,
      "nav": true,
      "pdf": true,
      "search": true,
      "sidebar": true,
      "sitemap": true,
      "uiSweep": true,
    },
    "kind": "lecture",
    "order": 4,
    "route": "/lectures/04",
    "sourcePath": "content/lectures/Lec4/vitepress.md",
    "title": "Лекция 4. Паттерны проектирования GoF: порождающие паттерны",
  },
  {
    "inclusion": {
      "askAi": true,
      "nav": true,
      "pdf": true,
      "search": true,
      "sidebar": true,
      "sitemap": true,
      "uiSweep": true,
    },
    "kind": "lecture",
    "order": 5,
    "route": "/lectures/05",
    "sourcePath": "content/lectures/Lec5/vitepress.md",
    "title": "Лекция 5. Поведенческие паттерны проектирования",
  },
  {
    "inclusion": {
      "askAi": true,
      "nav": true,
      "pdf": true,
      "search": true,
      "sidebar": true,
      "sitemap": true,
      "uiSweep": true,
    },
    "kind": "lecture",
    "order": 6,
    "route": "/lectures/06",
    "sourcePath": "content/lectures/Lec6/vitepress.md",
    "title": "Лекция 6. Структурные паттерны проектирования",
  },
  {
    "inclusion": {
      "askAi": true,
      "nav": true,
      "pdf": true,
      "search": true,
      "sidebar": true,
      "sitemap": true,
      "uiSweep": true,
    },
    "kind": "lecture",
    "order": 7,
    "route": "/lectures/07",
    "sourcePath": "content/lectures/Lec7/vitepress.md",
    "title": "Лекция 7. Предметно-ориентированное программирование",
  },
  {
    "inclusion": {
      "askAi": true,
      "nav": true,
      "pdf": true,
      "search": true,
      "sidebar": true,
      "sitemap": true,
      "uiSweep": true,
    },
    "kind": "lecture",
    "order": 8,
    "route": "/lectures/08",
    "sourcePath": "content/lectures/Lec8/vitepress.md",
    "title": "Лекция 8. Эволюция Enterprise-архитектур",
  },
  {
    "inclusion": {
      "askAi": true,
      "nav": true,
      "pdf": true,
      "search": true,
      "sidebar": true,
      "sitemap": true,
      "uiSweep": true,
    },
    "kind": "lecture",
    "order": 9,
    "route": "/lectures/09",
    "sourcePath": "content/lectures/Lec9/vitepress.md",
    "title": "Лекция 9. Виртуализация и эволюция баз данных",
  },
  {
    "inclusion": {
      "askAi": true,
      "nav": true,
      "pdf": true,
      "search": true,
      "sidebar": true,
      "sitemap": true,
      "uiSweep": true,
    },
    "kind": "lecture",
    "order": 10,
    "route": "/lectures/10",
    "sourcePath": "content/lectures/Lec10/vitepress.md",
    "title": "Лекция 10. Семантика клиент-серверного и межсервисного обмена",
  },
  {
    "inclusion": {
      "askAi": true,
      "nav": true,
      "pdf": true,
      "search": true,
      "sidebar": true,
      "sitemap": true,
      "uiSweep": true,
    },
    "kind": "lecture",
    "order": 11,
    "route": "/lectures/11",
    "sourcePath": "content/lectures/Lec11/vitepress.md",
    "title": "Лекция 11. Асинхронное межсервисное взаимодействие",
  },
  {
    "inclusion": {
      "askAi": true,
      "nav": true,
      "pdf": true,
      "search": true,
      "sidebar": true,
      "sitemap": true,
      "uiSweep": true,
    },
    "kind": "lecture",
    "order": 12,
    "route": "/lectures/12",
    "sourcePath": "content/lectures/Lec12/vitepress.md",
    "title": "Лекция 12. Паттерны отказоустойчивости при межсервисном взаимодействии",
  },
  {
    "inclusion": {
      "askAi": true,
      "nav": true,
      "pdf": true,
      "search": true,
      "sidebar": true,
      "sitemap": true,
      "uiSweep": true,
    },
    "kind": "lecture",
    "order": 13,
    "route": "/lectures/13",
    "sourcePath": "content/lectures/Lec13/vitepress.md",
    "title": "Лекция 13. Паттерны работы с данными",
  },
  {
    "inclusion": {
      "askAi": true,
      "nav": true,
      "pdf": true,
      "search": true,
      "sidebar": true,
      "sitemap": true,
      "uiSweep": true,
    },
    "kind": "lecture",
    "order": 14,
    "route": "/lectures/14",
    "sourcePath": "content/lectures/Lec14/vitepress.md",
    "title": "Лекция 14. DevOps, SRE и Observability",
  },
  {
    "inclusion": {
      "askAi": true,
      "nav": true,
      "pdf": true,
      "search": true,
      "sidebar": true,
      "sitemap": true,
      "uiSweep": true,
    },
    "kind": "extras-index",
    "order": 0,
    "route": "/extras/",
    "sourcePath": "content/extras/index/vitepress.md",
    "title": "Дополнения",
  },
  {
    "inclusion": {
      "askAi": true,
      "nav": false,
      "pdf": true,
      "search": true,
      "sidebar": true,
      "sitemap": true,
      "uiSweep": true,
    },
    "kind": "extra",
    "order": 1,
    "route": "/extras/01",
    "sourcePath": "content/extras/01/vitepress.md",
    "title": "Песочница",
  },
  {
    "inclusion": {
      "askAi": true,
      "nav": false,
      "pdf": true,
      "search": true,
      "sidebar": true,
      "sitemap": true,
      "uiSweep": true,
    },
    "kind": "extra",
    "order": 2,
    "route": "/extras/02",
    "sourcePath": "content/extras/02/vitepress.md",
    "title": "Дополнительные материалы",
  },
  {
    "inclusion": {
      "askAi": true,
      "nav": true,
      "pdf": true,
      "search": true,
      "sidebar": true,
      "sitemap": true,
      "uiSweep": true,
    },
    "kind": "conclusion",
    "order": 1000,
    "route": "/conclusion",
    "sourcePath": "content/conclusion/vitepress.md",
    "title": "Заключение",
  },
  {
    "inclusion": {
      "askAi": false,
      "nav": false,
      "pdf": false,
      "search": false,
      "sidebar": false,
      "sitemap": false,
      "uiSweep": true,
    },
    "kind": "service",
    "order": 0,
    "route": "/service-pages/ui-contract",
    "sourcePath": "content/service-pages/ui-contract/vitepress.md",
    "title": "UI Contract Fixtures",
  },
]
`;

exports[`stable public contracts > routes, nav, sidebar and rewrites remain stable 1`] = `
{
  "nav": [
    {
      "link": "/intro",
      "text": "Введение",
    },
    {
      "activeMatch": "^/lectures/",
      "link": "/lectures/01",
      "text": "Лекции",
    },
    {
      "activeMatch": "^/extras/",
      "link": "/extras/",
      "text": "Дополнения",
    },
    {
      "link": "/conclusion",
      "text": "Заключение",
    },
  ],
  "rewrites": {
    "conclusion/vitepress.md": "conclusion.md",
    "extras/01/vitepress.md": "extras/01.md",
    "extras/02/vitepress.md": "extras/02.md",
    "extras/index/vitepress.md": "extras/index.md",
    "home/vitepress.md": "index.md",
    "intro/vitepress.md": "intro.md",
    "lectures/Lec1/vitepress.md": "lectures/01.md",
    "lectures/Lec10/vitepress.md": "lectures/10.md",
    "lectures/Lec11/vitepress.md": "lectures/11.md",
    "lectures/Lec12/vitepress.md": "lectures/12.md",
    "lectures/Lec13/vitepress.md": "lectures/13.md",
    "lectures/Lec14/vitepress.md": "lectures/14.md",
    "lectures/Lec2/vitepress.md": "lectures/02.md",
    "lectures/Lec3/vitepress.md": "lectures/03.md",
    "lectures/Lec4/vitepress.md": "lectures/04.md",
    "lectures/Lec5/vitepress.md": "lectures/05.md",
    "lectures/Lec6/vitepress.md": "lectures/06.md",
    "lectures/Lec7/vitepress.md": "lectures/07.md",
    "lectures/Lec8/vitepress.md": "lectures/08.md",
    "lectures/Lec9/vitepress.md": "lectures/09.md",
    "service-pages/ui-contract/vitepress.md": "service-pages/ui-contract.md",
  },
  "sidebar": [
    {
      "items": [
        {
          "link": "/intro",
          "text": "Введение",
        },
      ],
      "text": "Начало",
    },
    {
      "collapsed": false,
      "items": [
        {
          "link": "/lectures/01",
          "text": "Лекция 1. Введение в КПО",
        },
        {
          "link": "/lectures/02",
          "text": "Лекция 2. Внедрение зависимостей",
        },
        {
          "link": "/lectures/03",
          "text": "Лекция 3. Принципы эффективного юнит-тестирования",
        },
        {
          "link": "/lectures/04",
          "text": "Лекция 4. Паттерны проектирования GoF: порождающие паттерны",
        },
        {
          "link": "/lectures/05",
          "text": "Лекция 5. Поведенческие паттерны проектирования",
        },
        {
          "link": "/lectures/06",
          "text": "Лекция 6. Структурные паттерны проектирования",
        },
        {
          "link": "/lectures/07",
          "text": "Лекция 7. Предметно-ориентированное программирование",
        },
        {
          "link": "/lectures/08",
          "text": "Лекция 8. Эволюция Enterprise-архитектур",
        },
        {
          "link": "/lectures/09",
          "text": "Лекция 9. Виртуализация и эволюция баз данных",
        },
        {
          "link": "/lectures/10",
          "text": "Лекция 10. Семантика клиент-серверного и межсервисного обмена",
        },
        {
          "link": "/lectures/11",
          "text": "Лекция 11. Асинхронное межсервисное взаимодействие",
        },
        {
          "link": "/lectures/12",
          "text": "Лекция 12. Паттерны отказоустойчивости при межсервисном взаимодействии",
        },
        {
          "link": "/lectures/13",
          "text": "Лекция 13. Паттерны работы с данными",
        },
        {
          "link": "/lectures/14",
          "text": "Лекция 14. DevOps, SRE и Observability",
        },
      ],
      "text": "Лекции",
    },
    {
      "collapsed": false,
      "items": [
        {
          "link": "/extras/",
          "text": "О дополнениях",
        },
        {
          "link": "/extras/01",
          "text": "Песочница",
        },
        {
          "link": "/extras/02",
          "text": "Дополнительные материалы",
        },
      ],
      "text": "Дополнения",
    },
    {
      "items": [
        {
          "link": "/conclusion",
          "text": "Заключение",
        },
      ],
      "text": "Финал",
    },
  ],
}
`;

exports[`stable public contracts > storage keys and literal values remain stable 1`] = `
[
  "kpo:ask-ai-provider",
  "kpo:code-language",
  "kpo:playground-mode",
  "vitepress-theme-appearance",
]
`;
